// Jest Snapshot v1, https://goo.gl/fbAQLP

exports[`harness When I send a request to an operation with Accept header containing application/json
And this operation can produce a response that matches this X format
Then I should get back a response matching that format
And this response should have Content-Type header matching X format
And this response should have 200 status code
 1`] = `
Snapshot Diff:
- First value
+ Second value

- HTTP/1.1 200 OK
- content-type: application/json; charset=utf-8
- content-length: 7
- Connection: keep-alive
- 
+ HTTP/1.1 200 OK
+ content-type: application/json; charset=utf-8
+ content-length: 7
+ Connection: keep-alive
+ 
  "hello"
`;
